TAK
NIE
NIE
NIE
NIE
TAK
TAK
TAK
TAK
NIE
TAK
NIE
NIE
TAK
NIE
